---
source: crates/sui-swarm-config/tests/snapshot_tests.rs
expression: genesis.sui_system_object().into_genesis_version_for_tooling()
---
epoch: 0
protocol_version: 12
system_state_version: 1
validators:
  total_stake: 20000000000000000
  active_validators:
    - metadata:
        sui_address: "0x60307f36c284875bf298d4d85a673046648b1ac4b47e712e42ab10d57dd77a26"
        protocol_pubkey_bytes:
          - 153
          - 242
          - 94
          - 246
          - 31
          - 128
          - 50
          - 185
          - 20
          - 99
          - 100
          - 96
          - 152
          - 44
          - 92
          - 198
          - 241
          - 52
          - 239
          - 29
          - 218
          - 231
          - 102
          - 87
          - 242
          - 203
          - 254
          - 193
          - 235
          - 252
          - 141
          - 9
          - 115
          - 116
          - 8
          - 13
          - 246
          - 252
          - 240
          - 220
          - 184
          - 188
          - 75
          - 13
          - 142
          - 10
          - 245
          - 216
          - 14
          - 187
          - 255
          - 43
          - 76
          - 89
          - 159
          - 84
          - 244
          - 45
          - 99
          - 18
          - 223
          - 195
          - 20
          - 39
          - 96
          - 120
          - 193
          - 204
          - 52
          - 126
          - 187
          - 190
          - 197
          - 25
          - 139
          - 226
          - 88
          - 81
          - 63
          - 56
          - 107
          - 147
          - 13
          - 2
          - 194
          - 116
          - 154
          - 128
          - 62
          - 35
          - 48
          - 149
          - 94
          - 189
          - 26
          - 16
        network_pubkey_bytes:
          - 148
          - 228
          - 168
          - 73
          - 49
          - 68
          - 233
          - 230
          - 150
          - 32
          - 140
          - 190
          - 208
          - 2
          - 89
          - 230
          - 221
          - 181
          - 111
          - 151
          - 155
          - 145
          - 195
          - 41
          - 103
          - 86
          - 9
          - 133
          - 190
          - 97
          - 144
          - 155
        worker_pubkey_bytes:
          - 31
          - 42
          - 121
          - 1
          - 168
          - 66
          - 228
          - 211
          - 98
          - 59
          - 198
          - 28
          - 225
          - 193
          - 113
          - 125
          - 46
          - 118
          - 142
          - 15
          - 215
          - 45
          - 248
          - 52
          - 26
          - 245
          - 102
          - 21
          - 185
          - 22
          - 240
          - 56
        proof_of_possession_bytes:
          - 151
          - 191
          - 31
          - 245
          - 62
          - 131
          - 184
          - 23
          - 162
          - 33
          - 124
          - 71
          - 229
          - 10
          - 56
          - 179
          - 47
          - 67
          - 223
          - 65
          - 196
          - 125
          - 67
          - 111
          - 55
          - 104
          - 114
          - 157
          - 166
          - 146
          - 6
          - 104
          - 90
          - 214
          - 33
          - 36
          - 63
          - 93
          - 228
          - 221
          - 166
          - 7
          - 164
          - 61
          - 169
          - 219
          - 78
          - 19
        name: "0"
        description: ""
        image_url: ""
        project_url: ""
        net_address: /ip4/127.0.0.1/tcp/80
        p2p_address: /ip4/127.0.0.1/udp/80
        primary_address: /ip4/127.0.0.1/udp/80
        worker_address: /ip4/127.0.0.1/udp/80
        next_epoch_protocol_pubkey_bytes: ~
        next_epoch_proof_of_possession: ~
        next_epoch_network_pubkey_bytes: ~
        next_epoch_worker_pubkey_bytes: ~
        next_epoch_net_address: ~
        next_epoch_p2p_address: ~
        next_epoch_primary_address: ~
        next_epoch_worker_address: ~
        extra_fields:
          id:
            id: "0xb6b0e74bf556d24c58b08755bd5488d7d1065e65dc31464021ee4c41373bd1a5"
          size: 0
      voting_power: 10000
      operation_cap_id: "0x922124318c1dfdda27eae6bae50cc8a1d9e686332eca4fff98b74c7475d64d19"
      gas_price: 1000
      staking_pool:
        id: "0x8a3886f506a5099d825196003cb20586403e17036a0a0de0066d61f90513d76b"
        activation_epoch: 0
        deactivation_epoch: ~
        sui_balance: 20000000000000000
        rewards_pool:
          value: 0
        pool_token_balance: 20000000000000000
        exchange_rates:
          id: "0x6a16aedf0866a56543e9994ebd09a584f5265af31052a2b9304ee4a4ee885f49"
          size: 1
        pending_stake: 0
        pending_total_sui_withdraw: 0
        pending_pool_token_withdraw: 0
        extra_fields:
          id:
            id: "0x27f4b04a7e4d92d9bbd184e5b33fb945943476ca0ef0005fbbef8aa1f36ee03c"
          size: 0
      commission_rate: 200
      next_epoch_stake: 20000000000000000
      next_epoch_gas_price: 1000
      next_epoch_commission_rate: 200
      extra_fields:
        id:
          id: "0x6c01553511d7da8d85de66b8ba7a5b502bfa0e427103d18ce72d296ba1931b4e"
        size: 0
  pending_active_validators:
    contents:
      id: "0x47c80d9e7f1f3aefe38e5296e98eac9c7e0663ae18e91d45a32866d4d2fc70f9"
      size: 0
  pending_removals: []
  staking_pool_mappings:
    id: "0xf1b7bf57077be807eb438808b4f0cfa02909c8f0ab11b0045ded8199aa8938cc"
    size: 1
  inactive_validators:
    id: "0x4e743fdb31a314f336642ccd959b345234f6bfca7ecc8c68b1cce2dc608a3b91"
    size: 0
  validator_candidates:
    id: "0x7472a9d75d89df5b45dc58e0ed26715fda660c713630ddba5a95ed42354a7e6b"
    size: 0
  at_risk_validators:
    contents: []
  extra_fields:
    id:
      id: "0xe204f0bf2088e8a5f491ace0d600d0338d67e39efcea84b4f046170f5e320917"
    size: 0
storage_fund:
  total_object_storage_rebates:
    value: 0
  non_refundable_balance:
    value: 0
parameters:
  epoch_duration_ms: 86400000
  stake_subsidy_start_epoch: 0
  max_validator_count: 150
  min_validator_joining_stake: 30000000000000000
  validator_low_stake_threshold: 20000000000000000
  validator_very_low_stake_threshold: 15000000000000000
  validator_low_stake_grace_period: 7
  extra_fields:
    id:
      id: "0xd5b8fd596a4cda3d0f3788853ce7b6da354f2a05ac345dcee18a018595b581c0"
    size: 0
reference_gas_price: 1000
validator_report_records:
  contents: []
stake_subsidy:
  balance:
    value: 9230000000000000000
  distribution_counter: 0
  current_distribution_amount: 1000000000000000
  stake_subsidy_period_length: 10
  stake_subsidy_decrease_rate: 1000
  extra_fields:
    id:
      id: "0xb49b636834837f3259a1ae859a766976e601eadf41c6201da1a3ec3e2c1e5a12"
    size: 0
safe_mode: false
safe_mode_storage_rewards:
  value: 0
safe_mode_computation_rewards:
  value: 0
safe_mode_storage_rebates: 0
safe_mode_non_refundable_storage_fee: 0
epoch_start_timestamp_ms: 10
extra_fields:
  id:
    id: "0xa98cc8644b0a7e6ee18a3d7b039346f85d658c76c7c620a59b3a44026ce98530"
  size: 0

